2025-09-04 01:59:06,033 - cyclops - INFO - Starting Cyclops Desktop Automation Application
2025-09-04 02:04:14,838 - cyclops - INFO - Starting Cyclops Desktop Automation Application
2025-09-04 02:04:15,024 - cyclops - ERROR - Failed to start application: cannot import name 'scrolledtext' from 'tkinter' (C:\Users\Lucas\AppData\Local\Temp\_MEI175042\tkinter\__init__.py)
2025-09-04 02:04:27,909 - cyclops - INFO - Starting Cyclops Desktop Automation Application
2025-09-04 02:04:28,072 - cyclops - ERROR - Failed to start application: cannot import name 'scrolledtext' from 'tkinter' (C:\Users\Lucas\AppData\Local\Temp\_MEI554722\tkinter\__init__.py)
2025-09-04 02:06:27,595 - cyclops - INFO - Starting Cyclops Desktop Automation Application
2025-09-04 02:06:27,821 - utils.config_manager - WARNING - Config file not found: config/default_config.json
2025-09-04 02:06:27,821 - utils.config_manager - INFO - Configuration manager initialized with: config/default_config.json
2025-09-04 02:06:27,821 - core.screen_capture - INFO - Screen resolution: 1920x1080
2025-09-04 02:06:27,821 - core.ocr_engine - INFO - Tesseract path set to: C:\Program Files\Tesseract-OCR\tesseract.exe
2025-09-04 02:06:27,821 - core.ocr_engine - INFO - OCR Engine initialized with language: eng
2025-09-04 02:06:27,821 - core.computer_vision - INFO - Computer Vision engine initialized
2025-09-04 02:06:27,821 - core.input_simulator - INFO - Input Simulator initialized
2025-09-04 02:06:27,821 - core.state_monitor - INFO - State Monitor initialized
2025-09-04 02:06:27,821 - core.computer_vision - INFO - Computer Vision engine initialized
2025-09-04 02:06:27,821 - automation.rune_creation - INFO - Rune Creation Automation initialized
2025-09-04 02:06:27,821 - automation.rune_creation - INFO - Rune positions: 0 configured
2025-09-04 02:06:27,821 - automation.rune_creation - INFO - Delay range: 2.0-5.0 minutes
2025-09-04 02:06:27,821 - automation.rune_creation - INFO - Blank rune image: C:\Users\Lucas\AppData\Local\Temp\_MEI550082\src\automation\..\..\blank.png
2025-09-04 02:06:27,821 - automation.food_eating - INFO - Food Eating Automation initialized
2025-09-04 02:06:27,822 - automation.food_eating - INFO - Food positions: 0 configured
2025-09-04 02:06:27,822 - automation.food_eating - INFO - Click range: 3-6
2025-09-04 02:06:27,822 - automation.food_eating - INFO - Delay range: 4-8 minutes
2025-09-04 02:06:27,822 - automation.health_monitor - INFO - Health Monitor Automation initialized
2025-09-04 02:06:27,822 - automation.workflow_manager - INFO - All automation modules initialized
2025-09-04 02:06:27,822 - automation.workflow_manager - INFO - Workflow Manager initialized
2025-09-04 02:06:27,833 - gui.main_window - INFO - Updating rune positions display. Current positions: []
2025-09-04 02:06:27,833 - gui.main_window - INFO - Updated display to: No positions configured (0/3)
2025-09-04 02:06:27,837 - gui.main_window - INFO - Updated rune search region display: No region configured
2025-09-04 02:06:27,840 - gui.main_window - INFO - Updating food positions display. Current positions: []
2025-09-04 02:06:27,840 - gui.main_window - INFO - Updated display to: No positions configured (0/3)
2025-09-04 02:06:27,848 - cyclops - ERROR - Failed to start application: list indices must be integers or slices, not str
2025-09-04 02:06:34,507 - cyclops - INFO - Starting Cyclops Desktop Automation Application
2025-09-04 02:06:34,740 - cyclops - ERROR - Failed to start application: cannot import name 'scrolledtext' from 'tkinter' (C:\Users\Lucas\AppData\Local\Temp\_MEI512962\tkinter\__init__.py)
2025-09-04 02:07:24,831 - cyclops - INFO - Starting Cyclops Desktop Automation Application
2025-09-04 02:07:25,040 - utils.config_manager - WARNING - Config file not found: config/default_config.json
2025-09-04 02:07:25,040 - utils.config_manager - INFO - Configuration manager initialized with: config/default_config.json
2025-09-04 02:07:25,040 - core.screen_capture - INFO - Screen resolution: 1920x1080
2025-09-04 02:07:25,040 - core.ocr_engine - INFO - Tesseract path set to: C:\Program Files\Tesseract-OCR\tesseract.exe
2025-09-04 02:07:25,040 - core.ocr_engine - INFO - OCR Engine initialized with language: eng
2025-09-04 02:07:25,040 - core.computer_vision - INFO - Computer Vision engine initialized
2025-09-04 02:07:25,040 - core.input_simulator - INFO - Input Simulator initialized
2025-09-04 02:07:25,040 - core.state_monitor - INFO - State Monitor initialized
2025-09-04 02:07:25,040 - core.computer_vision - INFO - Computer Vision engine initialized
2025-09-04 02:07:25,040 - automation.rune_creation - INFO - Rune Creation Automation initialized
2025-09-04 02:07:25,040 - automation.rune_creation - INFO - Rune positions: 0 configured
2025-09-04 02:07:25,040 - automation.rune_creation - INFO - Delay range: 2.0-5.0 minutes
2025-09-04 02:07:25,040 - automation.rune_creation - INFO - Blank rune image: C:\Users\Lucas\AppData\Local\Temp\_MEI583242\src\automation\..\..\blank.png
2025-09-04 02:07:25,040 - automation.food_eating - INFO - Food Eating Automation initialized
2025-09-04 02:07:25,040 - automation.food_eating - INFO - Food positions: 0 configured
2025-09-04 02:07:25,040 - automation.food_eating - INFO - Click range: 3-6
2025-09-04 02:07:25,040 - automation.food_eating - INFO - Delay range: 4-8 minutes
2025-09-04 02:07:25,040 - automation.health_monitor - INFO - Health Monitor Automation initialized
2025-09-04 02:07:25,040 - automation.workflow_manager - INFO - All automation modules initialized
2025-09-04 02:07:25,040 - automation.workflow_manager - INFO - Workflow Manager initialized
2025-09-04 02:07:25,050 - gui.main_window - INFO - Updating rune positions display. Current positions: []
2025-09-04 02:07:25,050 - gui.main_window - INFO - Updated display to: No positions configured (0/3)
2025-09-04 02:07:25,054 - gui.main_window - INFO - Updated rune search region display: No region configured
2025-09-04 02:07:25,059 - gui.main_window - INFO - Updating food positions display. Current positions: []
2025-09-04 02:07:25,059 - gui.main_window - INFO - Updated display to: No positions configured (0/3)
2025-09-04 02:07:25,066 - cyclops - ERROR - Failed to start application: list indices must be integers or slices, not str
2025-09-04 02:07:39,250 - cyclops - INFO - Starting Cyclops Desktop Automation Application
2025-09-04 02:07:39,402 - cyclops - ERROR - Failed to start application: cannot import name 'scrolledtext' from 'tkinter' (C:\Users\Lucas\AppData\Local\Temp\_MEI317322\tkinter\__init__.py)
2025-09-04 02:08:20,097 - cyclops - INFO - Starting Cyclops Desktop Automation Application
2025-09-04 02:08:20,318 - utils.config_manager - WARNING - Config file not found: config/default_config.json
2025-09-04 02:08:20,319 - utils.config_manager - INFO - Configuration manager initialized with: config/default_config.json
2025-09-04 02:08:20,319 - core.screen_capture - INFO - Screen resolution: 1920x1080
2025-09-04 02:08:20,319 - core.ocr_engine - INFO - Tesseract path set to: C:\Program Files\Tesseract-OCR\tesseract.exe
2025-09-04 02:08:20,319 - core.ocr_engine - INFO - OCR Engine initialized with language: eng
2025-09-04 02:08:20,319 - core.computer_vision - INFO - Computer Vision engine initialized
2025-09-04 02:08:20,319 - core.input_simulator - INFO - Input Simulator initialized
2025-09-04 02:08:20,319 - core.state_monitor - INFO - State Monitor initialized
2025-09-04 02:08:20,319 - core.computer_vision - INFO - Computer Vision engine initialized
2025-09-04 02:08:20,319 - automation.rune_creation - INFO - Rune Creation Automation initialized
2025-09-04 02:08:20,319 - automation.rune_creation - INFO - Rune positions: 0 configured
2025-09-04 02:08:20,319 - automation.rune_creation - INFO - Delay range: 2.0-5.0 minutes
2025-09-04 02:08:20,319 - automation.rune_creation - INFO - Blank rune image: C:\Users\Lucas\AppData\Local\Temp\_MEI124362\src\automation\..\..\blank.png
2025-09-04 02:08:20,319 - automation.food_eating - INFO - Food Eating Automation initialized
2025-09-04 02:08:20,319 - automation.food_eating - INFO - Food positions: 0 configured
2025-09-04 02:08:20,319 - automation.food_eating - INFO - Click range: 3-6
2025-09-04 02:08:20,319 - automation.food_eating - INFO - Delay range: 4-8 minutes
2025-09-04 02:08:20,319 - automation.health_monitor - INFO - Health Monitor Automation initialized
2025-09-04 02:08:20,319 - automation.workflow_manager - INFO - All automation modules initialized
2025-09-04 02:08:20,319 - automation.workflow_manager - INFO - Workflow Manager initialized
2025-09-04 02:08:20,327 - gui.main_window - INFO - Updating rune positions display. Current positions: []
2025-09-04 02:08:20,327 - gui.main_window - INFO - Updated display to: No positions configured (0/3)
2025-09-04 02:08:20,331 - gui.main_window - INFO - Updated rune search region display: No region configured
2025-09-04 02:08:20,334 - gui.main_window - INFO - Updating food positions display. Current positions: []
2025-09-04 02:08:20,334 - gui.main_window - INFO - Updated display to: No positions configured (0/3)
2025-09-04 02:08:20,341 - cyclops - ERROR - Failed to start application: list indices must be integers or slices, not str
2025-09-04 02:08:32,508 - cyclops - INFO - Starting Cyclops Desktop Automation Application
2025-09-04 02:08:32,761 - utils.config_manager - WARNING - Config file not found: config/default_config.json
2025-09-04 02:08:32,761 - utils.config_manager - INFO - Configuration manager initialized with: config/default_config.json
2025-09-04 02:08:32,762 - core.screen_capture - INFO - Screen resolution: 1920x1080
2025-09-04 02:08:32,762 - core.ocr_engine - INFO - Tesseract path set to: C:\Program Files\Tesseract-OCR\tesseract.exe
2025-09-04 02:08:32,762 - core.ocr_engine - INFO - OCR Engine initialized with language: eng
2025-09-04 02:08:32,762 - core.computer_vision - INFO - Computer Vision engine initialized
2025-09-04 02:08:32,762 - core.input_simulator - INFO - Input Simulator initialized
2025-09-04 02:08:32,762 - core.state_monitor - INFO - State Monitor initialized
2025-09-04 02:08:32,762 - core.computer_vision - INFO - Computer Vision engine initialized
2025-09-04 02:08:32,762 - automation.rune_creation - INFO - Rune Creation Automation initialized
2025-09-04 02:08:32,762 - automation.rune_creation - INFO - Rune positions: 0 configured
2025-09-04 02:08:32,762 - automation.rune_creation - INFO - Delay range: 2.0-5.0 minutes
2025-09-04 02:08:32,762 - automation.rune_creation - INFO - Blank rune image: C:\Users\Lucas\AppData\Local\Temp\_MEI568762\src\automation\..\..\blank.png
2025-09-04 02:08:32,762 - automation.food_eating - INFO - Food Eating Automation initialized
2025-09-04 02:08:32,762 - automation.food_eating - INFO - Food positions: 0 configured
2025-09-04 02:08:32,762 - automation.food_eating - INFO - Click range: 3-6
2025-09-04 02:08:32,762 - automation.food_eating - INFO - Delay range: 4-8 minutes
2025-09-04 02:08:32,762 - automation.health_monitor - INFO - Health Monitor Automation initialized
2025-09-04 02:08:32,762 - automation.workflow_manager - INFO - All automation modules initialized
2025-09-04 02:08:32,762 - automation.workflow_manager - INFO - Workflow Manager initialized
2025-09-04 02:08:32,771 - gui.main_window - INFO - Updating rune positions display. Current positions: []
2025-09-04 02:08:32,771 - gui.main_window - INFO - Updated display to: No positions configured (0/3)
2025-09-04 02:08:32,775 - gui.main_window - INFO - Updated rune search region display: No region configured
2025-09-04 02:08:32,778 - gui.main_window - INFO - Updating food positions display. Current positions: []
2025-09-04 02:08:32,778 - gui.main_window - INFO - Updated display to: No positions configured (0/3)
2025-09-04 02:08:32,784 - cyclops - ERROR - Failed to start application: list indices must be integers or slices, not str
2025-09-04 02:08:37,640 - cyclops - INFO - Starting Cyclops Desktop Automation Application
2025-09-04 02:08:37,849 - utils.config_manager - WARNING - Config file not found: config/default_config.json
2025-09-04 02:08:37,849 - utils.config_manager - INFO - Configuration manager initialized with: config/default_config.json
2025-09-04 02:08:37,849 - core.screen_capture - INFO - Screen resolution: 1920x1080
2025-09-04 02:08:37,849 - core.ocr_engine - INFO - Tesseract path set to: C:\Program Files\Tesseract-OCR\tesseract.exe
2025-09-04 02:08:37,849 - core.ocr_engine - INFO - OCR Engine initialized with language: eng
2025-09-04 02:08:37,849 - core.computer_vision - INFO - Computer Vision engine initialized
2025-09-04 02:08:37,849 - core.input_simulator - INFO - Input Simulator initialized
2025-09-04 02:08:37,849 - core.state_monitor - INFO - State Monitor initialized
2025-09-04 02:08:37,849 - core.computer_vision - INFO - Computer Vision engine initialized
2025-09-04 02:08:37,849 - automation.rune_creation - INFO - Rune Creation Automation initialized
2025-09-04 02:08:37,849 - automation.rune_creation - INFO - Rune positions: 0 configured
2025-09-04 02:08:37,849 - automation.rune_creation - INFO - Delay range: 2.0-5.0 minutes
2025-09-04 02:08:37,849 - automation.rune_creation - INFO - Blank rune image: C:\Users\Lucas\AppData\Local\Temp\_MEI534402\src\automation\..\..\blank.png
2025-09-04 02:08:37,850 - automation.food_eating - INFO - Food Eating Automation initialized
2025-09-04 02:08:37,850 - automation.food_eating - INFO - Food positions: 0 configured
2025-09-04 02:08:37,850 - automation.food_eating - INFO - Click range: 3-6
2025-09-04 02:08:37,850 - automation.food_eating - INFO - Delay range: 4-8 minutes
2025-09-04 02:08:37,850 - automation.health_monitor - INFO - Health Monitor Automation initialized
2025-09-04 02:08:37,850 - automation.workflow_manager - INFO - All automation modules initialized
2025-09-04 02:08:37,850 - automation.workflow_manager - INFO - Workflow Manager initialized
2025-09-04 02:08:37,858 - gui.main_window - INFO - Updating rune positions display. Current positions: []
2025-09-04 02:08:37,859 - gui.main_window - INFO - Updated display to: No positions configured (0/3)
2025-09-04 02:08:37,863 - gui.main_window - INFO - Updated rune search region display: No region configured
2025-09-04 02:08:37,866 - gui.main_window - INFO - Updating food positions display. Current positions: []
2025-09-04 02:08:37,866 - gui.main_window - INFO - Updated display to: No positions configured (0/3)
2025-09-04 02:08:37,873 - cyclops - ERROR - Failed to start application: list indices must be integers or slices, not str
2025-09-04 02:13:32,061 - cyclops - INFO - Starting Cyclops Desktop Automation Application
2025-09-04 02:13:32,279 - utils.config_manager - WARNING - Config file not found: config/default_config.json
2025-09-04 02:13:32,279 - utils.config_manager - INFO - Configuration manager initialized with: config/default_config.json
2025-09-04 02:13:32,279 - core.screen_capture - INFO - Screen resolution: 1920x1080
2025-09-04 02:13:32,279 - core.ocr_engine - INFO - Tesseract path set to: C:\Program Files\Tesseract-OCR\tesseract.exe
2025-09-04 02:13:32,279 - core.ocr_engine - INFO - OCR Engine initialized with language: eng
2025-09-04 02:13:32,279 - core.computer_vision - INFO - Computer Vision engine initialized
2025-09-04 02:13:32,279 - core.input_simulator - INFO - Input Simulator initialized
2025-09-04 02:13:32,279 - core.state_monitor - INFO - State Monitor initialized
2025-09-04 02:13:32,279 - core.computer_vision - INFO - Computer Vision engine initialized
2025-09-04 02:13:32,279 - automation.rune_creation - INFO - Rune Creation Automation initialized
2025-09-04 02:13:32,279 - automation.rune_creation - INFO - Rune positions: 0 configured
2025-09-04 02:13:32,279 - automation.rune_creation - INFO - Delay range: 2.0-5.0 minutes
2025-09-04 02:13:32,279 - automation.rune_creation - INFO - Blank rune image: C:\Users\Lucas\AppData\Local\Temp\_MEI197882\src\automation\..\..\blank.png
2025-09-04 02:13:32,279 - automation.food_eating - INFO - Food Eating Automation initialized
2025-09-04 02:13:32,279 - automation.food_eating - INFO - Food positions: 0 configured
2025-09-04 02:13:32,279 - automation.food_eating - INFO - Click range: 3-6
2025-09-04 02:13:32,279 - automation.food_eating - INFO - Delay range: 4-8 minutes
2025-09-04 02:13:32,279 - automation.health_monitor - INFO - Health Monitor Automation initialized
2025-09-04 02:13:32,279 - automation.workflow_manager - INFO - All automation modules initialized
2025-09-04 02:13:32,279 - automation.workflow_manager - INFO - Workflow Manager initialized
2025-09-04 02:13:32,288 - gui.main_window - INFO - Updating rune positions display. Current positions: []
2025-09-04 02:13:32,288 - gui.main_window - INFO - Updated display to: No positions configured (0/3)
2025-09-04 02:13:32,293 - gui.main_window - INFO - Updated rune search region display: No region configured
2025-09-04 02:13:32,295 - gui.main_window - INFO - Updating food positions display. Current positions: []
2025-09-04 02:13:32,296 - gui.main_window - INFO - Updated display to: No positions configured (0/3)
2025-09-04 02:13:32,302 - cyclops - ERROR - Failed to start application: list indices must be integers or slices, not str
2025-09-04 02:13:37,907 - cyclops - INFO - Starting Cyclops Desktop Automation Application
2025-09-04 02:13:38,135 - utils.config_manager - WARNING - Config file not found: config/default_config.json
2025-09-04 02:13:38,135 - utils.config_manager - INFO - Configuration manager initialized with: config/default_config.json
2025-09-04 02:13:38,135 - core.screen_capture - INFO - Screen resolution: 1920x1080
2025-09-04 02:13:38,136 - core.ocr_engine - INFO - Tesseract path set to: C:\Program Files\Tesseract-OCR\tesseract.exe
2025-09-04 02:13:38,136 - core.ocr_engine - INFO - OCR Engine initialized with language: eng
2025-09-04 02:13:38,136 - core.computer_vision - INFO - Computer Vision engine initialized
2025-09-04 02:13:38,136 - core.input_simulator - INFO - Input Simulator initialized
2025-09-04 02:13:38,136 - core.state_monitor - INFO - State Monitor initialized
2025-09-04 02:13:38,136 - core.computer_vision - INFO - Computer Vision engine initialized
2025-09-04 02:13:38,136 - automation.rune_creation - INFO - Rune Creation Automation initialized
2025-09-04 02:13:38,136 - automation.rune_creation - INFO - Rune positions: 0 configured
2025-09-04 02:13:38,136 - automation.rune_creation - INFO - Delay range: 2.0-5.0 minutes
2025-09-04 02:13:38,136 - automation.rune_creation - INFO - Blank rune image: C:\Users\Lucas\AppData\Local\Temp\_MEI525162\src\automation\..\..\blank.png
2025-09-04 02:13:38,136 - automation.food_eating - INFO - Food Eating Automation initialized
2025-09-04 02:13:38,136 - automation.food_eating - INFO - Food positions: 0 configured
2025-09-04 02:13:38,136 - automation.food_eating - INFO - Click range: 3-6
2025-09-04 02:13:38,136 - automation.food_eating - INFO - Delay range: 4-8 minutes
2025-09-04 02:13:38,136 - automation.health_monitor - INFO - Health Monitor Automation initialized
2025-09-04 02:13:38,136 - automation.workflow_manager - INFO - All automation modules initialized
2025-09-04 02:13:38,136 - automation.workflow_manager - INFO - Workflow Manager initialized
2025-09-04 02:13:38,144 - gui.main_window - INFO - Updating rune positions display. Current positions: []
2025-09-04 02:13:38,144 - gui.main_window - INFO - Updated display to: No positions configured (0/3)
2025-09-04 02:13:38,148 - gui.main_window - INFO - Updated rune search region display: No region configured
2025-09-04 02:13:38,152 - gui.main_window - INFO - Updating food positions display. Current positions: []
2025-09-04 02:13:38,152 - gui.main_window - INFO - Updated display to: No positions configured (0/3)
2025-09-04 02:13:38,159 - cyclops - ERROR - Failed to start application: list indices must be integers or slices, not str
2025-09-04 02:13:41,400 - cyclops - INFO - Starting Cyclops Desktop Automation Application
2025-09-04 02:13:41,612 - utils.config_manager - WARNING - Config file not found: config/default_config.json
2025-09-04 02:13:41,612 - utils.config_manager - INFO - Configuration manager initialized with: config/default_config.json
2025-09-04 02:13:41,612 - core.screen_capture - INFO - Screen resolution: 1920x1080
2025-09-04 02:13:41,612 - core.ocr_engine - INFO - Tesseract path set to: C:\Program Files\Tesseract-OCR\tesseract.exe
2025-09-04 02:13:41,612 - core.ocr_engine - INFO - OCR Engine initialized with language: eng
2025-09-04 02:13:41,612 - core.computer_vision - INFO - Computer Vision engine initialized
2025-09-04 02:13:41,612 - core.input_simulator - INFO - Input Simulator initialized
2025-09-04 02:13:41,612 - core.state_monitor - INFO - State Monitor initialized
2025-09-04 02:13:41,612 - core.computer_vision - INFO - Computer Vision engine initialized
2025-09-04 02:13:41,612 - automation.rune_creation - INFO - Rune Creation Automation initialized
2025-09-04 02:13:41,612 - automation.rune_creation - INFO - Rune positions: 0 configured
2025-09-04 02:13:41,612 - automation.rune_creation - INFO - Delay range: 2.0-5.0 minutes
2025-09-04 02:13:41,612 - automation.rune_creation - INFO - Blank rune image: C:\Users\Lucas\AppData\Local\Temp\_MEI313202\src\automation\..\..\blank.png
2025-09-04 02:13:41,612 - automation.food_eating - INFO - Food Eating Automation initialized
2025-09-04 02:13:41,612 - automation.food_eating - INFO - Food positions: 0 configured
2025-09-04 02:13:41,612 - automation.food_eating - INFO - Click range: 3-6
2025-09-04 02:13:41,612 - automation.food_eating - INFO - Delay range: 4-8 minutes
2025-09-04 02:13:41,612 - automation.health_monitor - INFO - Health Monitor Automation initialized
2025-09-04 02:13:41,612 - automation.workflow_manager - INFO - All automation modules initialized
2025-09-04 02:13:41,612 - automation.workflow_manager - INFO - Workflow Manager initialized
2025-09-04 02:13:41,621 - gui.main_window - INFO - Updating rune positions display. Current positions: []
2025-09-04 02:13:41,621 - gui.main_window - INFO - Updated display to: No positions configured (0/3)
2025-09-04 02:13:41,625 - gui.main_window - INFO - Updated rune search region display: No region configured
2025-09-04 02:13:41,628 - gui.main_window - INFO - Updating food positions display. Current positions: []
2025-09-04 02:13:41,628 - gui.main_window - INFO - Updated display to: No positions configured (0/3)
2025-09-04 02:13:41,635 - cyclops - ERROR - Failed to start application: list indices must be integers or slices, not str
2025-09-04 02:13:49,789 - cyclops - INFO - Starting Cyclops Desktop Automation Application
2025-09-04 02:13:49,998 - utils.config_manager - WARNING - Config file not found: config/default_config.json
2025-09-04 02:13:49,998 - utils.config_manager - INFO - Configuration manager initialized with: config/default_config.json
2025-09-04 02:13:49,998 - core.screen_capture - INFO - Screen resolution: 1920x1080
2025-09-04 02:13:49,998 - core.ocr_engine - INFO - Tesseract path set to: C:\Program Files\Tesseract-OCR\tesseract.exe
2025-09-04 02:13:49,998 - core.ocr_engine - INFO - OCR Engine initialized with language: eng
2025-09-04 02:13:49,998 - core.computer_vision - INFO - Computer Vision engine initialized
2025-09-04 02:13:49,999 - core.input_simulator - INFO - Input Simulator initialized
2025-09-04 02:13:49,999 - core.state_monitor - INFO - State Monitor initialized
2025-09-04 02:13:49,999 - core.computer_vision - INFO - Computer Vision engine initialized
2025-09-04 02:13:49,999 - automation.rune_creation - INFO - Rune Creation Automation initialized
2025-09-04 02:13:49,999 - automation.rune_creation - INFO - Rune positions: 0 configured
2025-09-04 02:13:49,999 - automation.rune_creation - INFO - Delay range: 2.0-5.0 minutes
2025-09-04 02:13:49,999 - automation.rune_creation - INFO - Blank rune image: C:\Users\Lucas\AppData\Local\Temp\_MEI240322\src\automation\..\..\blank.png
2025-09-04 02:13:49,999 - automation.food_eating - INFO - Food Eating Automation initialized
2025-09-04 02:13:49,999 - automation.food_eating - INFO - Food positions: 0 configured
2025-09-04 02:13:49,999 - automation.food_eating - INFO - Click range: 3-6
2025-09-04 02:13:49,999 - automation.food_eating - INFO - Delay range: 4-8 minutes
2025-09-04 02:13:49,999 - automation.health_monitor - INFO - Health Monitor Automation initialized
2025-09-04 02:13:49,999 - automation.workflow_manager - INFO - All automation modules initialized
2025-09-04 02:13:49,999 - automation.workflow_manager - INFO - Workflow Manager initialized
2025-09-04 02:13:50,008 - gui.main_window - INFO - Updating rune positions display. Current positions: []
2025-09-04 02:13:50,008 - gui.main_window - INFO - Updated display to: No positions configured (0/3)
2025-09-04 02:13:50,013 - gui.main_window - INFO - Updated rune search region display: No region configured
2025-09-04 02:13:50,016 - gui.main_window - INFO - Updating food positions display. Current positions: []
2025-09-04 02:13:50,016 - gui.main_window - INFO - Updated display to: No positions configured (0/3)
2025-09-04 02:13:50,023 - cyclops - ERROR - Failed to start application: list indices must be integers or slices, not str
2025-09-04 14:31:03,869 - cyclops - INFO - Starting Cyclops Desktop Automation Application
2025-09-04 14:31:04,105 - utils.config_manager - WARNING - Config file not found: config/default_config.json
2025-09-04 14:31:04,105 - utils.config_manager - INFO - Configuration manager initialized with: config/default_config.json
2025-09-04 14:31:04,105 - core.screen_capture - INFO - Screen resolution: 1920x1080
2025-09-04 14:31:04,105 - core.ocr_engine - INFO - Tesseract path set to: C:\Program Files\Tesseract-OCR\tesseract.exe
2025-09-04 14:31:04,105 - core.ocr_engine - INFO - OCR Engine initialized with language: eng
2025-09-04 14:31:04,105 - core.computer_vision - INFO - Computer Vision engine initialized
2025-09-04 14:31:04,105 - core.input_simulator - INFO - Input Simulator initialized
2025-09-04 14:31:04,105 - core.state_monitor - INFO - State Monitor initialized
2025-09-04 14:31:04,105 - core.computer_vision - INFO - Computer Vision engine initialized
2025-09-04 14:31:04,105 - automation.rune_creation - INFO - Rune Creation Automation initialized
2025-09-04 14:31:04,105 - automation.rune_creation - INFO - Rune positions: 0 configured
2025-09-04 14:31:04,105 - automation.rune_creation - INFO - Delay range: 2.0-5.0 minutes
2025-09-04 14:31:04,105 - automation.rune_creation - INFO - Blank rune image: C:\Users\Lucas\AppData\Local\Temp\_MEI387562\src\automation\..\..\blank.png
2025-09-04 14:31:04,105 - automation.food_eating - INFO - Food Eating Automation initialized
2025-09-04 14:31:04,105 - automation.food_eating - INFO - Food positions: 0 configured
2025-09-04 14:31:04,105 - automation.food_eating - INFO - Click range: 3-6
2025-09-04 14:31:04,105 - automation.food_eating - INFO - Delay range: 4-8 minutes
2025-09-04 14:31:04,105 - automation.health_monitor - INFO - Health Monitor Automation initialized
2025-09-04 14:31:04,105 - automation.workflow_manager - INFO - All automation modules initialized
2025-09-04 14:31:04,105 - automation.workflow_manager - INFO - Workflow Manager initialized
2025-09-04 14:31:04,118 - gui.main_window - INFO - Updating rune positions display. Current positions: []
2025-09-04 14:31:04,118 - gui.main_window - INFO - Updated display to: No positions configured (0/3)
2025-09-04 14:31:04,123 - gui.main_window - INFO - Updated rune search region display: No region configured
2025-09-04 14:31:04,127 - gui.main_window - INFO - Updating food positions display. Current positions: []
2025-09-04 14:31:04,127 - gui.main_window - INFO - Updated display to: No positions configured (0/3)
2025-09-04 14:31:04,135 - cyclops - ERROR - Failed to start application: list indices must be integers or slices, not str
2025-09-04 14:39:15,711 - cyclops - INFO - Starting Cyclops Desktop Automation Application
2025-09-04 14:39:15,923 - utils.config_manager - WARNING - Config file not found: config/default_config.json
2025-09-04 14:39:15,923 - utils.config_manager - INFO - Configuration manager initialized with: config/default_config.json
2025-09-04 14:39:15,923 - core.screen_capture - INFO - Screen resolution: 1920x1080
2025-09-04 14:39:15,923 - core.ocr_engine - INFO - Tesseract path set to: C:\Program Files\Tesseract-OCR\tesseract.exe
2025-09-04 14:39:15,923 - core.ocr_engine - INFO - OCR Engine initialized with language: eng
2025-09-04 14:39:15,923 - core.computer_vision - INFO - Computer Vision engine initialized
2025-09-04 14:39:15,924 - core.input_simulator - INFO - Input Simulator initialized
2025-09-04 14:39:15,924 - core.state_monitor - INFO - State Monitor initialized
2025-09-04 14:39:15,924 - core.computer_vision - INFO - Computer Vision engine initialized
2025-09-04 14:39:15,924 - automation.rune_creation - INFO - Rune Creation Automation initialized
2025-09-04 14:39:15,924 - automation.rune_creation - INFO - Rune positions: 0 configured
2025-09-04 14:39:15,924 - automation.rune_creation - INFO - Delay range: 2.0-5.0 minutes
2025-09-04 14:39:15,924 - automation.rune_creation - INFO - Blank rune image: C:\Users\Lucas\AppData\Local\Temp\_MEI469202\src\automation\..\..\blank.png
2025-09-04 14:39:15,924 - automation.food_eating - INFO - Food Eating Automation initialized
2025-09-04 14:39:15,924 - automation.food_eating - INFO - Food positions: 0 configured
2025-09-04 14:39:15,924 - automation.food_eating - INFO - Click range: 3-6
2025-09-04 14:39:15,924 - automation.food_eating - INFO - Delay range: 4-8 minutes
2025-09-04 14:39:15,924 - automation.health_monitor - INFO - Health Monitor Automation initialized
2025-09-04 14:39:15,924 - automation.workflow_manager - INFO - All automation modules initialized
2025-09-04 14:39:15,924 - automation.workflow_manager - INFO - Workflow Manager initialized
2025-09-04 14:39:15,935 - gui.main_window - INFO - Updating rune positions display. Current positions: []
2025-09-04 14:39:15,935 - gui.main_window - INFO - Updated display to: No positions configured (0/3)
2025-09-04 14:39:15,941 - gui.main_window - INFO - Updated rune search region display: No region configured
2025-09-04 14:39:15,944 - gui.main_window - INFO - Updating food positions display. Current positions: []
2025-09-04 14:39:15,944 - gui.main_window - INFO - Updated display to: No positions configured (0/3)
2025-09-04 14:39:15,953 - cyclops - ERROR - Failed to start application: list indices must be integers or slices, not str
2025-09-04 14:39:23,308 - cyclops - INFO - Starting Cyclops Desktop Automation Application
2025-09-04 14:39:23,528 - utils.config_manager - WARNING - Config file not found: config/default_config.json
2025-09-04 14:39:23,528 - utils.config_manager - INFO - Configuration manager initialized with: config/default_config.json
2025-09-04 14:39:23,528 - core.screen_capture - INFO - Screen resolution: 1920x1080
2025-09-04 14:39:23,528 - core.ocr_engine - INFO - Tesseract path set to: C:\Program Files\Tesseract-OCR\tesseract.exe
2025-09-04 14:39:23,528 - core.ocr_engine - INFO - OCR Engine initialized with language: eng
2025-09-04 14:39:23,528 - core.computer_vision - INFO - Computer Vision engine initialized
2025-09-04 14:39:23,528 - core.input_simulator - INFO - Input Simulator initialized
2025-09-04 14:39:23,528 - core.state_monitor - INFO - State Monitor initialized
2025-09-04 14:39:23,528 - core.computer_vision - INFO - Computer Vision engine initialized
2025-09-04 14:39:23,528 - automation.rune_creation - INFO - Rune Creation Automation initialized
2025-09-04 14:39:23,528 - automation.rune_creation - INFO - Rune positions: 0 configured
2025-09-04 14:39:23,528 - automation.rune_creation - INFO - Delay range: 2.0-5.0 minutes
2025-09-04 14:39:23,528 - automation.rune_creation - INFO - Blank rune image: C:\Users\Lucas\AppData\Local\Temp\_MEI314842\src\automation\..\..\blank.png
2025-09-04 14:39:23,528 - automation.food_eating - INFO - Food Eating Automation initialized
2025-09-04 14:39:23,528 - automation.food_eating - INFO - Food positions: 0 configured
2025-09-04 14:39:23,528 - automation.food_eating - INFO - Click range: 3-6
2025-09-04 14:39:23,528 - automation.food_eating - INFO - Delay range: 4-8 minutes
2025-09-04 14:39:23,528 - automation.health_monitor - INFO - Health Monitor Automation initialized
2025-09-04 14:39:23,528 - automation.workflow_manager - INFO - All automation modules initialized
2025-09-04 14:39:23,528 - automation.workflow_manager - INFO - Workflow Manager initialized
2025-09-04 14:39:23,538 - gui.main_window - INFO - Updating rune positions display. Current positions: []
2025-09-04 14:39:23,538 - gui.main_window - INFO - Updated display to: No positions configured (0/3)
2025-09-04 14:39:23,543 - gui.main_window - INFO - Updated rune search region display: No region configured
2025-09-04 14:39:23,546 - gui.main_window - INFO - Updating food positions display. Current positions: []
2025-09-04 14:39:23,547 - gui.main_window - INFO - Updated display to: No positions configured (0/3)
2025-09-04 14:39:23,557 - cyclops - ERROR - Failed to start application: list indices must be integers or slices, not str
2025-09-04 14:39:26,994 - cyclops - INFO - Starting Cyclops Desktop Automation Application
2025-09-04 14:39:27,187 - utils.config_manager - WARNING - Config file not found: config/default_config.json
2025-09-04 14:39:27,187 - utils.config_manager - INFO - Configuration manager initialized with: config/default_config.json
2025-09-04 14:39:27,187 - core.screen_capture - INFO - Screen resolution: 1920x1080
2025-09-04 14:39:27,188 - core.ocr_engine - INFO - Tesseract path set to: C:\Program Files\Tesseract-OCR\tesseract.exe
2025-09-04 14:39:27,188 - core.ocr_engine - INFO - OCR Engine initialized with language: eng
2025-09-04 14:39:27,188 - core.computer_vision - INFO - Computer Vision engine initialized
2025-09-04 14:39:27,188 - core.input_simulator - INFO - Input Simulator initialized
2025-09-04 14:39:27,188 - core.state_monitor - INFO - State Monitor initialized
2025-09-04 14:39:27,188 - core.computer_vision - INFO - Computer Vision engine initialized
2025-09-04 14:39:27,189 - automation.rune_creation - INFO - Rune Creation Automation initialized
2025-09-04 14:39:27,189 - automation.rune_creation - INFO - Rune positions: 0 configured
2025-09-04 14:39:27,189 - automation.rune_creation - INFO - Delay range: 2.0-5.0 minutes
2025-09-04 14:39:27,189 - automation.rune_creation - INFO - Blank rune image: C:\Users\Lucas\AppData\Local\Temp\_MEI429922\src\automation\..\..\blank.png
2025-09-04 14:39:27,189 - automation.food_eating - INFO - Food Eating Automation initialized
2025-09-04 14:39:27,189 - automation.food_eating - INFO - Food positions: 0 configured
2025-09-04 14:39:27,189 - automation.food_eating - INFO - Click range: 3-6
2025-09-04 14:39:27,189 - automation.food_eating - INFO - Delay range: 4-8 minutes
2025-09-04 14:39:27,190 - automation.health_monitor - INFO - Health Monitor Automation initialized
2025-09-04 14:39:27,190 - automation.workflow_manager - INFO - All automation modules initialized
2025-09-04 14:39:27,190 - automation.workflow_manager - INFO - Workflow Manager initialized
2025-09-04 14:39:27,200 - gui.main_window - INFO - Updating rune positions display. Current positions: []
2025-09-04 14:39:27,200 - gui.main_window - INFO - Updated display to: No positions configured (0/3)
2025-09-04 14:39:27,206 - gui.main_window - INFO - Updated rune search region display: No region configured
2025-09-04 14:39:27,210 - gui.main_window - INFO - Updating food positions display. Current positions: []
2025-09-04 14:39:27,210 - gui.main_window - INFO - Updated display to: No positions configured (0/3)
2025-09-04 14:39:27,219 - cyclops - ERROR - Failed to start application: list indices must be integers or slices, not str
2025-09-04 14:57:52,893 - cyclops - INFO - Starting Cyclops Desktop Automation Application
2025-09-04 14:57:53,112 - utils.config_manager - WARNING - Config file not found: config/default_config.json
2025-09-04 14:57:53,112 - utils.config_manager - INFO - Configuration manager initialized with: config/default_config.json
2025-09-04 14:57:53,112 - core.screen_capture - INFO - Screen resolution: 1920x1080
2025-09-04 14:57:53,112 - core.ocr_engine - INFO - Tesseract path set to: C:\Program Files\Tesseract-OCR\tesseract.exe
2025-09-04 14:57:53,112 - core.ocr_engine - INFO - OCR Engine initialized with language: eng
2025-09-04 14:57:53,112 - core.computer_vision - INFO - Computer Vision engine initialized
2025-09-04 14:57:53,112 - core.input_simulator - INFO - Input Simulator initialized
2025-09-04 14:57:53,112 - core.state_monitor - INFO - State Monitor initialized
2025-09-04 14:57:53,112 - core.computer_vision - INFO - Computer Vision engine initialized
2025-09-04 14:57:53,112 - automation.rune_creation - INFO - Rune Creation Automation initialized
2025-09-04 14:57:53,112 - automation.rune_creation - INFO - Rune positions: 0 configured
2025-09-04 14:57:53,112 - automation.rune_creation - INFO - Delay range: 2.0-5.0 minutes
2025-09-04 14:57:53,112 - automation.rune_creation - INFO - Blank rune image: C:\Users\Lucas\AppData\Local\Temp\_MEI339402\src\automation\..\..\blank.png
2025-09-04 14:57:53,112 - automation.food_eating - INFO - Food Eating Automation initialized
2025-09-04 14:57:53,112 - automation.food_eating - INFO - Food positions: 0 configured
2025-09-04 14:57:53,112 - automation.food_eating - INFO - Click range: 3-6
2025-09-04 14:57:53,112 - automation.food_eating - INFO - Delay range: 4-8 minutes
2025-09-04 14:57:53,112 - automation.health_monitor - INFO - Health Monitor Automation initialized
2025-09-04 14:57:53,112 - automation.workflow_manager - INFO - All automation modules initialized
2025-09-04 14:57:53,112 - automation.workflow_manager - INFO - Workflow Manager initialized
2025-09-04 14:57:53,122 - gui.main_window - INFO - Updating rune positions display. Current positions: []
2025-09-04 14:57:53,122 - gui.main_window - INFO - Updated display to: No positions configured (0/3)
2025-09-04 14:57:53,128 - gui.main_window - INFO - Updated rune search region display: No region configured
2025-09-04 14:57:53,132 - gui.main_window - INFO - Updating food positions display. Current positions: []
2025-09-04 14:57:53,132 - gui.main_window - INFO - Updated display to: No positions configured (0/3)
2025-09-04 14:57:53,140 - cyclops - ERROR - Failed to start application: list indices must be integers or slices, not str
2025-09-04 15:00:42,418 - cyclops - INFO - Starting Cyclops Desktop Automation Application
2025-09-04 15:00:42,647 - utils.config_manager - WARNING - Config file not found: config/default_config.json
2025-09-04 15:00:42,647 - utils.config_manager - INFO - Configuration manager initialized with: config/default_config.json
2025-09-04 15:00:42,647 - core.screen_capture - INFO - Screen resolution: 1920x1080
2025-09-04 15:00:42,647 - core.ocr_engine - INFO - Tesseract path set to: C:\Program Files\Tesseract-OCR\tesseract.exe
2025-09-04 15:00:42,647 - core.ocr_engine - INFO - OCR Engine initialized with language: eng
2025-09-04 15:00:42,647 - core.computer_vision - INFO - Computer Vision engine initialized
2025-09-04 15:00:42,647 - core.input_simulator - INFO - Input Simulator initialized
2025-09-04 15:00:42,648 - core.state_monitor - INFO - State Monitor initialized
2025-09-04 15:00:42,648 - core.computer_vision - INFO - Computer Vision engine initialized
2025-09-04 15:00:42,648 - automation.rune_creation - INFO - Rune Creation Automation initialized
2025-09-04 15:00:42,648 - automation.rune_creation - INFO - Rune positions: 0 configured
2025-09-04 15:00:42,648 - automation.rune_creation - INFO - Delay range: 2.0-5.0 minutes
2025-09-04 15:00:42,648 - automation.rune_creation - INFO - Blank rune image: C:\Users\Lucas\AppData\Local\Temp\_MEI559722\src\automation\..\..\blank.png
2025-09-04 15:00:42,648 - automation.food_eating - INFO - Food Eating Automation initialized
2025-09-04 15:00:42,648 - automation.food_eating - INFO - Food positions: 0 configured
2025-09-04 15:00:42,648 - automation.food_eating - INFO - Click range: 3-6
2025-09-04 15:00:42,648 - automation.food_eating - INFO - Delay range: 4-8 minutes
2025-09-04 15:00:42,648 - automation.health_monitor - INFO - Health Monitor Automation initialized
2025-09-04 15:00:42,648 - automation.workflow_manager - INFO - All automation modules initialized
2025-09-04 15:00:42,648 - automation.workflow_manager - INFO - Workflow Manager initialized
2025-09-04 15:00:42,660 - gui.main_window - INFO - Updating rune positions display. Current positions: []
2025-09-04 15:00:42,660 - gui.main_window - INFO - Updated display to: No positions configured (0/3)
2025-09-04 15:00:42,665 - gui.main_window - INFO - Updated rune search region display: No region configured
2025-09-04 15:00:42,670 - gui.main_window - INFO - Updating food positions display. Current positions: []
2025-09-04 15:00:42,671 - gui.main_window - INFO - Updated display to: No positions configured (0/3)
2025-09-04 15:00:42,680 - cyclops - ERROR - Failed to start application: list indices must be integers or slices, not str
2025-09-04 15:01:02,388 - cyclops - INFO - Starting Cyclops Desktop Automation Application
2025-09-04 15:01:02,596 - utils.config_manager - WARNING - Config file not found: config/default_config.json
2025-09-04 15:01:02,596 - utils.config_manager - INFO - Configuration manager initialized with: config/default_config.json
2025-09-04 15:01:02,596 - core.screen_capture - INFO - Screen resolution: 1920x1080
2025-09-04 15:01:02,596 - core.ocr_engine - INFO - Tesseract path set to: C:\Program Files\Tesseract-OCR\tesseract.exe
2025-09-04 15:01:02,596 - core.ocr_engine - INFO - OCR Engine initialized with language: eng
2025-09-04 15:01:02,596 - core.computer_vision - INFO - Computer Vision engine initialized
2025-09-04 15:01:02,596 - core.input_simulator - INFO - Input Simulator initialized
2025-09-04 15:01:02,596 - core.state_monitor - INFO - State Monitor initialized
2025-09-04 15:01:02,596 - core.computer_vision - INFO - Computer Vision engine initialized
2025-09-04 15:01:02,596 - automation.rune_creation - INFO - Rune Creation Automation initialized
2025-09-04 15:01:02,596 - automation.rune_creation - INFO - Rune positions: 0 configured
2025-09-04 15:01:02,596 - automation.rune_creation - INFO - Delay range: 2.0-5.0 minutes
2025-09-04 15:01:02,596 - automation.rune_creation - INFO - Blank rune image: C:\Users\Lucas\AppData\Local\Temp\_MEI363882\src\automation\..\..\blank.png
2025-09-04 15:01:02,596 - automation.food_eating - INFO - Food Eating Automation initialized
2025-09-04 15:01:02,597 - automation.food_eating - INFO - Food positions: 0 configured
2025-09-04 15:01:02,597 - automation.food_eating - INFO - Click range: 3-6
2025-09-04 15:01:02,597 - automation.food_eating - INFO - Delay range: 4-8 minutes
2025-09-04 15:01:02,597 - automation.health_monitor - INFO - Health Monitor Automation initialized
2025-09-04 15:01:02,597 - automation.workflow_manager - INFO - All automation modules initialized
2025-09-04 15:01:02,597 - automation.workflow_manager - INFO - Workflow Manager initialized
2025-09-04 15:01:02,607 - gui.main_window - INFO - Updating rune positions display. Current positions: []
2025-09-04 15:01:02,607 - gui.main_window - INFO - Updated display to: No positions configured (0/3)
2025-09-04 15:01:02,612 - gui.main_window - INFO - Updated rune search region display: No region configured
2025-09-04 15:01:02,615 - gui.main_window - INFO - Updating food positions display. Current positions: []
2025-09-04 15:01:02,615 - gui.main_window - INFO - Updated display to: No positions configured (0/3)
2025-09-04 15:01:02,625 - cyclops - ERROR - Failed to start application: list indices must be integers or slices, not str
2025-09-04 15:10:44,912 - cyclops - INFO - Starting Cyclops Desktop Automation Application
2025-09-04 15:10:45,118 - utils.config_manager - WARNING - Config file not found: config/default_config.json
2025-09-04 15:10:45,118 - utils.config_manager - INFO - Configuration manager initialized with: config/default_config.json
2025-09-04 15:10:45,118 - core.screen_capture - INFO - Screen resolution: 1920x1080
2025-09-04 15:10:45,118 - core.ocr_engine - INFO - Tesseract path set to: C:\Program Files\Tesseract-OCR\tesseract.exe
2025-09-04 15:10:45,118 - core.ocr_engine - INFO - OCR Engine initialized with language: eng
2025-09-04 15:10:45,118 - core.computer_vision - INFO - Computer Vision engine initialized
2025-09-04 15:10:45,118 - core.input_simulator - INFO - Input Simulator initialized
2025-09-04 15:10:45,118 - core.state_monitor - INFO - State Monitor initialized
2025-09-04 15:10:45,118 - core.computer_vision - INFO - Computer Vision engine initialized
2025-09-04 15:10:45,119 - automation.rune_creation - INFO - Rune Creation Automation initialized
2025-09-04 15:10:45,119 - automation.rune_creation - INFO - Rune positions: 0 configured
2025-09-04 15:10:45,119 - automation.rune_creation - INFO - Delay range: 2.0-5.0 minutes
2025-09-04 15:10:45,119 - automation.rune_creation - INFO - Blank rune image: C:\Users\Lucas\AppData\Local\Temp\_MEI327242\src\automation\..\..\blank.png
2025-09-04 15:10:45,119 - automation.food_eating - INFO - Food Eating Automation initialized
2025-09-04 15:10:45,119 - automation.food_eating - INFO - Food positions: 0 configured
2025-09-04 15:10:45,119 - automation.food_eating - INFO - Click range: 3-6
2025-09-04 15:10:45,119 - automation.food_eating - INFO - Delay range: 4-8 minutes
2025-09-04 15:10:45,119 - automation.health_monitor - INFO - Health Monitor Automation initialized
2025-09-04 15:10:45,119 - automation.workflow_manager - INFO - All automation modules initialized
2025-09-04 15:10:45,119 - automation.workflow_manager - INFO - Workflow Manager initialized
2025-09-04 15:10:45,129 - gui.main_window - INFO - Updating rune positions display. Current positions: []
2025-09-04 15:10:45,129 - gui.main_window - INFO - Updated display to: No positions configured (0/3)
2025-09-04 15:10:45,135 - gui.main_window - INFO - Updated rune search region display: No region configured
2025-09-04 15:10:45,138 - gui.main_window - INFO - Updating food positions display. Current positions: []
2025-09-04 15:10:45,138 - gui.main_window - INFO - Updated display to: No positions configured (0/3)
2025-09-04 15:10:45,145 - cyclops - ERROR - Failed to start application: list indices must be integers or slices, not str
2025-09-04 15:10:55,725 - cyclops - INFO - Starting Cyclops Desktop Automation Application
2025-09-04 15:10:55,945 - utils.config_manager - WARNING - Config file not found: config/default_config.json
2025-09-04 15:10:55,946 - utils.config_manager - INFO - Configuration manager initialized with: config/default_config.json
2025-09-04 15:10:55,946 - core.screen_capture - INFO - Screen resolution: 1920x1080
2025-09-04 15:10:55,946 - core.ocr_engine - INFO - Tesseract path set to: C:\Program Files\Tesseract-OCR\tesseract.exe
2025-09-04 15:10:55,946 - core.ocr_engine - INFO - OCR Engine initialized with language: eng
2025-09-04 15:10:55,946 - core.computer_vision - INFO - Computer Vision engine initialized
2025-09-04 15:10:55,946 - core.input_simulator - INFO - Input Simulator initialized
2025-09-04 15:10:55,946 - core.state_monitor - INFO - State Monitor initialized
2025-09-04 15:10:55,946 - core.computer_vision - INFO - Computer Vision engine initialized
2025-09-04 15:10:55,946 - automation.rune_creation - INFO - Rune Creation Automation initialized
2025-09-04 15:10:55,946 - automation.rune_creation - INFO - Rune positions: 0 configured
2025-09-04 15:10:55,946 - automation.rune_creation - INFO - Delay range: 2.0-5.0 minutes
2025-09-04 15:10:55,946 - automation.rune_creation - INFO - Blank rune image: C:\Users\Lucas\AppData\Local\Temp\_MEI267362\src\automation\..\..\blank.png
2025-09-04 15:10:55,946 - automation.food_eating - INFO - Food Eating Automation initialized
2025-09-04 15:10:55,946 - automation.food_eating - INFO - Food positions: 0 configured
2025-09-04 15:10:55,946 - automation.food_eating - INFO - Click range: 3-6
2025-09-04 15:10:55,946 - automation.food_eating - INFO - Delay range: 4-8 minutes
2025-09-04 15:10:55,946 - automation.health_monitor - INFO - Health Monitor Automation initialized
2025-09-04 15:10:55,946 - automation.workflow_manager - INFO - All automation modules initialized
2025-09-04 15:10:55,946 - automation.workflow_manager - INFO - Workflow Manager initialized
2025-09-04 15:10:55,957 - gui.main_window - INFO - Updating rune positions display. Current positions: []
2025-09-04 15:10:55,957 - gui.main_window - INFO - Updated display to: No positions configured (0/3)
2025-09-04 15:10:55,962 - gui.main_window - INFO - Updated rune search region display: No region configured
2025-09-04 15:10:55,965 - gui.main_window - INFO - Updating food positions display. Current positions: []
2025-09-04 15:10:55,965 - gui.main_window - INFO - Updated display to: No positions configured (0/3)
2025-09-04 15:10:55,974 - cyclops - ERROR - Failed to start application: list indices must be integers or slices, not str
2025-09-04 15:14:12,412 - cyclops - INFO - Starting Cyclops Desktop Automation Application
2025-09-04 15:14:12,612 - utils.config_manager - WARNING - Config file not found: config/default_config.json
2025-09-04 15:14:12,612 - utils.config_manager - INFO - Configuration manager initialized with: config/default_config.json
2025-09-04 15:14:12,612 - core.screen_capture - INFO - Screen resolution: 1920x1080
2025-09-04 15:14:12,612 - core.ocr_engine - INFO - Tesseract path set to: C:\Program Files\Tesseract-OCR\tesseract.exe
2025-09-04 15:14:12,613 - core.ocr_engine - INFO - OCR Engine initialized with language: eng
2025-09-04 15:14:12,613 - core.computer_vision - INFO - Computer Vision engine initialized
2025-09-04 15:14:12,613 - core.input_simulator - INFO - Input Simulator initialized
2025-09-04 15:14:12,613 - core.state_monitor - INFO - State Monitor initialized
2025-09-04 15:14:12,613 - core.computer_vision - INFO - Computer Vision engine initialized
2025-09-04 15:14:12,613 - automation.rune_creation - INFO - Rune Creation Automation initialized
2025-09-04 15:14:12,613 - automation.rune_creation - INFO - Rune positions: 0 configured
2025-09-04 15:14:12,613 - automation.rune_creation - INFO - Delay range: 2.0-5.0 minutes
2025-09-04 15:14:12,613 - automation.rune_creation - INFO - Blank rune image: C:\Users\Lucas\AppData\Local\Temp\_MEI251002\src\automation\..\..\blank.png
2025-09-04 15:14:12,613 - automation.food_eating - INFO - Food Eating Automation initialized
2025-09-04 15:14:12,613 - automation.food_eating - INFO - Food positions: 0 configured
2025-09-04 15:14:12,613 - automation.food_eating - INFO - Click range: 3-6
2025-09-04 15:14:12,613 - automation.food_eating - INFO - Delay range: 4-8 minutes
2025-09-04 15:14:12,614 - automation.health_monitor - INFO - Health Monitor Automation initialized
2025-09-04 15:14:12,614 - automation.workflow_manager - INFO - All automation modules initialized
2025-09-04 15:14:12,614 - automation.workflow_manager - INFO - Workflow Manager initialized
2025-09-04 15:14:12,625 - gui.main_window - INFO - Updating rune positions display. Current positions: []
2025-09-04 15:14:12,625 - gui.main_window - INFO - Updated display to: No positions configured (0/3)
2025-09-04 15:14:12,630 - gui.main_window - INFO - Updated rune search region display: No region configured
2025-09-04 15:14:12,634 - gui.main_window - INFO - Updating food positions display. Current positions: []
2025-09-04 15:14:12,634 - gui.main_window - INFO - Updated display to: No positions configured (0/3)
2025-09-04 15:14:12,643 - cyclops - ERROR - Failed to start application: list indices must be integers or slices, not str
2025-09-04 15:14:18,112 - cyclops - INFO - Starting Cyclops Desktop Automation Application
2025-09-04 15:14:18,325 - utils.config_manager - WARNING - Config file not found: config/default_config.json
2025-09-04 15:14:18,325 - utils.config_manager - INFO - Configuration manager initialized with: config/default_config.json
2025-09-04 15:14:18,325 - core.screen_capture - INFO - Screen resolution: 1920x1080
2025-09-04 15:14:18,326 - core.ocr_engine - INFO - Tesseract path set to: C:\Program Files\Tesseract-OCR\tesseract.exe
2025-09-04 15:14:18,326 - core.ocr_engine - INFO - OCR Engine initialized with language: eng
2025-09-04 15:14:18,326 - core.computer_vision - INFO - Computer Vision engine initialized
2025-09-04 15:14:18,326 - core.input_simulator - INFO - Input Simulator initialized
2025-09-04 15:14:18,326 - core.state_monitor - INFO - State Monitor initialized
2025-09-04 15:14:18,326 - core.computer_vision - INFO - Computer Vision engine initialized
2025-09-04 15:14:18,326 - automation.rune_creation - INFO - Rune Creation Automation initialized
2025-09-04 15:14:18,326 - automation.rune_creation - INFO - Rune positions: 0 configured
2025-09-04 15:14:18,326 - automation.rune_creation - INFO - Delay range: 2.0-5.0 minutes
2025-09-04 15:14:18,326 - automation.rune_creation - INFO - Blank rune image: C:\Users\Lucas\AppData\Local\Temp\_MEI410122\src\automation\..\..\blank.png
2025-09-04 15:14:18,326 - automation.food_eating - INFO - Food Eating Automation initialized
2025-09-04 15:14:18,326 - automation.food_eating - INFO - Food positions: 0 configured
2025-09-04 15:14:18,326 - automation.food_eating - INFO - Click range: 3-6
2025-09-04 15:14:18,326 - automation.food_eating - INFO - Delay range: 4-8 minutes
2025-09-04 15:14:18,326 - automation.health_monitor - INFO - Health Monitor Automation initialized
2025-09-04 15:14:18,326 - automation.workflow_manager - INFO - All automation modules initialized
2025-09-04 15:14:18,326 - automation.workflow_manager - INFO - Workflow Manager initialized
2025-09-04 15:14:18,337 - gui.main_window - INFO - Updating rune positions display. Current positions: []
2025-09-04 15:14:18,337 - gui.main_window - INFO - Updated display to: No positions configured (0/3)
2025-09-04 15:14:18,341 - gui.main_window - INFO - Updated rune search region display: No region configured
2025-09-04 15:14:18,345 - gui.main_window - INFO - Updating food positions display. Current positions: []
2025-09-04 15:14:18,345 - gui.main_window - INFO - Updated display to: No positions configured (0/3)
2025-09-04 15:14:18,355 - cyclops - ERROR - Failed to start application: list indices must be integers or slices, not str
2025-09-04 15:14:22,540 - cyclops - INFO - Starting Cyclops Desktop Automation Application
2025-09-04 15:14:22,764 - utils.config_manager - WARNING - Config file not found: config/default_config.json
2025-09-04 15:14:22,764 - utils.config_manager - INFO - Configuration manager initialized with: config/default_config.json
2025-09-04 15:14:22,764 - core.screen_capture - INFO - Screen resolution: 1920x1080
2025-09-04 15:14:22,765 - core.ocr_engine - INFO - Tesseract path set to: C:\Program Files\Tesseract-OCR\tesseract.exe
2025-09-04 15:14:22,765 - core.ocr_engine - INFO - OCR Engine initialized with language: eng
2025-09-04 15:14:22,765 - core.computer_vision - INFO - Computer Vision engine initialized
2025-09-04 15:14:22,765 - core.input_simulator - INFO - Input Simulator initialized
2025-09-04 15:14:22,765 - core.state_monitor - INFO - State Monitor initialized
2025-09-04 15:14:22,765 - core.computer_vision - INFO - Computer Vision engine initialized
2025-09-04 15:14:22,765 - automation.rune_creation - INFO - Rune Creation Automation initialized
2025-09-04 15:14:22,765 - automation.rune_creation - INFO - Rune positions: 0 configured
2025-09-04 15:14:22,765 - automation.rune_creation - INFO - Delay range: 2.0-5.0 minutes
2025-09-04 15:14:22,765 - automation.rune_creation - INFO - Blank rune image: C:\Users\Lucas\AppData\Local\Temp\_MEI387082\src\automation\..\..\blank.png
2025-09-04 15:14:22,765 - automation.food_eating - INFO - Food Eating Automation initialized
2025-09-04 15:14:22,765 - automation.food_eating - INFO - Food positions: 0 configured
2025-09-04 15:14:22,765 - automation.food_eating - INFO - Click range: 3-6
2025-09-04 15:14:22,765 - automation.food_eating - INFO - Delay range: 4-8 minutes
2025-09-04 15:14:22,765 - automation.health_monitor - INFO - Health Monitor Automation initialized
2025-09-04 15:14:22,765 - automation.workflow_manager - INFO - All automation modules initialized
2025-09-04 15:14:22,765 - automation.workflow_manager - INFO - Workflow Manager initialized
2025-09-04 15:14:22,775 - gui.main_window - INFO - Updating rune positions display. Current positions: []
2025-09-04 15:14:22,775 - gui.main_window - INFO - Updated display to: No positions configured (0/3)
2025-09-04 15:14:22,781 - gui.main_window - INFO - Updated rune search region display: No region configured
2025-09-04 15:14:22,784 - gui.main_window - INFO - Updating food positions display. Current positions: []
2025-09-04 15:14:22,784 - gui.main_window - INFO - Updated display to: No positions configured (0/3)
2025-09-04 15:14:22,792 - cyclops - ERROR - Failed to start application: list indices must be integers or slices, not str
2025-09-04 15:15:14,434 - cyclops - INFO - Starting Cyclops Desktop Automation Application
2025-09-04 15:15:14,649 - utils.config_manager - WARNING - Config file not found: config/default_config.json
2025-09-04 15:15:14,650 - utils.config_manager - INFO - Configuration manager initialized with: config/default_config.json
2025-09-04 15:15:14,650 - core.screen_capture - INFO - Screen resolution: 1920x1080
2025-09-04 15:15:14,650 - core.ocr_engine - INFO - Tesseract path set to: C:\Program Files\Tesseract-OCR\tesseract.exe
2025-09-04 15:15:14,650 - core.ocr_engine - INFO - OCR Engine initialized with language: eng
2025-09-04 15:15:14,650 - core.computer_vision - INFO - Computer Vision engine initialized
2025-09-04 15:15:14,650 - core.input_simulator - INFO - Input Simulator initialized
2025-09-04 15:15:14,650 - core.state_monitor - INFO - State Monitor initialized
2025-09-04 15:15:14,650 - core.computer_vision - INFO - Computer Vision engine initialized
2025-09-04 15:15:14,650 - automation.rune_creation - INFO - Rune Creation Automation initialized
2025-09-04 15:15:14,650 - automation.rune_creation - INFO - Rune positions: 0 configured
2025-09-04 15:15:14,650 - automation.rune_creation - INFO - Delay range: 2.0-5.0 minutes
2025-09-04 15:15:14,650 - automation.rune_creation - INFO - Blank rune image: C:\Users\Lucas\AppData\Local\Temp\_MEI573402\src\automation\..\..\blank.png
2025-09-04 15:15:14,650 - automation.food_eating - INFO - Food Eating Automation initialized
2025-09-04 15:15:14,650 - automation.food_eating - INFO - Food positions: 0 configured
2025-09-04 15:15:14,650 - automation.food_eating - INFO - Click range: 3-6
2025-09-04 15:15:14,650 - automation.food_eating - INFO - Delay range: 4-8 minutes
2025-09-04 15:15:14,650 - automation.health_monitor - INFO - Health Monitor Automation initialized
2025-09-04 15:15:14,650 - automation.workflow_manager - INFO - All automation modules initialized
2025-09-04 15:15:14,650 - automation.workflow_manager - INFO - Workflow Manager initialized
2025-09-04 15:15:14,661 - gui.main_window - INFO - Updating rune positions display. Current positions: []
2025-09-04 15:15:14,661 - gui.main_window - INFO - Updated display to: No positions configured (0/3)
2025-09-04 15:15:14,666 - gui.main_window - INFO - Updated rune search region display: No region configured
2025-09-04 15:15:14,669 - gui.main_window - INFO - Updating food positions display. Current positions: []
2025-09-04 15:15:14,669 - gui.main_window - INFO - Updated display to: No positions configured (0/3)
2025-09-04 15:15:14,678 - cyclops - ERROR - Failed to start application: list indices must be integers or slices, not str
2025-09-04 15:25:07,822 - cyclops - INFO - Starting Cyclops Desktop Automation Application
2025-09-04 15:27:54,276 - cyclops - INFO - Starting Cyclops Desktop Automation Application
2025-09-04 15:27:55,180 - cyclops - ERROR - Missing dependencies. Exiting.
2025-09-04 15:28:19,808 - cyclops - ERROR - Missing dependencies. Exiting.
2025-09-04 15:29:32,449 - cyclops - INFO - Starting Cyclops Desktop Automation Application
2025-09-04 15:29:32,589 - cyclops - ERROR - Failed to start application: No module named 'gui'
2025-09-04 15:31:30,932 - cyclops - INFO - Starting Cyclops Desktop Automation Application
2025-09-04 15:31:31,143 - utils.config_manager - WARNING - Config file not found: config/default_config.json
2025-09-04 15:31:31,143 - utils.config_manager - INFO - Configuration manager initialized with: config/default_config.json
2025-09-04 15:31:31,143 - core.screen_capture - INFO - Screen resolution: 1920x1080
2025-09-04 15:31:31,144 - core.ocr_engine - INFO - Tesseract path set to: C:\Program Files\Tesseract-OCR\tesseract.exe
2025-09-04 15:31:31,144 - core.ocr_engine - INFO - OCR Engine initialized with language: eng
2025-09-04 15:31:31,144 - core.computer_vision - INFO - Computer Vision engine initialized
2025-09-04 15:31:31,144 - core.input_simulator - INFO - Input Simulator initialized
2025-09-04 15:31:31,144 - core.state_monitor - INFO - State Monitor initialized
2025-09-04 15:31:31,144 - core.computer_vision - INFO - Computer Vision engine initialized
2025-09-04 15:31:31,144 - automation.rune_creation - INFO - Rune Creation Automation initialized
2025-09-04 15:31:31,144 - automation.rune_creation - INFO - Rune positions: 0 configured
2025-09-04 15:31:31,144 - automation.rune_creation - INFO - Delay range: 2.0-5.0 minutes
2025-09-04 15:31:31,144 - automation.rune_creation - INFO - Blank rune image: C:\Users\Lucas\AppData\Local\Temp\_MEI548882\src\automation\..\..\blank.png
2025-09-04 15:31:31,144 - automation.food_eating - INFO - Food Eating Automation initialized
2025-09-04 15:31:31,144 - automation.food_eating - INFO - Food positions: 0 configured
2025-09-04 15:31:31,144 - automation.food_eating - INFO - Click range: 3-6
2025-09-04 15:31:31,144 - automation.food_eating - INFO - Delay range: 4-8 minutes
2025-09-04 15:31:31,144 - automation.health_monitor - INFO - Health Monitor Automation initialized
2025-09-04 15:31:31,144 - automation.workflow_manager - INFO - All automation modules initialized
2025-09-04 15:31:31,144 - automation.workflow_manager - INFO - Workflow Manager initialized
2025-09-04 15:31:31,154 - gui.main_window - INFO - Updating rune positions display. Current positions: []
2025-09-04 15:31:31,155 - gui.main_window - INFO - Updated display to: No positions configured (0/3)
2025-09-04 15:31:31,159 - gui.main_window - INFO - Updated rune search region display: No region configured
2025-09-04 15:31:31,163 - gui.main_window - INFO - Updating food positions display. Current positions: []
2025-09-04 15:31:31,163 - gui.main_window - INFO - Updated display to: No positions configured (0/3)
2025-09-04 15:31:31,171 - cyclops - ERROR - Failed to start application: list indices must be integers or slices, not str
2025-09-04 15:36:35,647 - cyclops - INFO - Starting Cyclops Desktop Automation Application
2025-09-04 15:36:35,860 - utils.config_manager - INFO - Configuration loaded from C:\Users\Lucas\AppData\Local\Temp\_MEI579922\config\default_config.json
2025-09-04 15:36:35,860 - utils.config_manager - INFO - Configuration manager initialized with: C:\Users\Lucas\AppData\Local\Temp\_MEI579922\config\default_config.json
2025-09-04 15:36:35,860 - core.screen_capture - INFO - Screen resolution: 1920x1080
2025-09-04 15:36:35,860 - core.ocr_engine - INFO - Tesseract path set to: C:\Program Files\Tesseract-OCR\tesseract.exe
2025-09-04 15:36:35,860 - core.ocr_engine - INFO - OCR Engine initialized with language: eng
2025-09-04 15:36:35,860 - core.computer_vision - INFO - Computer Vision engine initialized
2025-09-04 15:36:35,860 - core.input_simulator - INFO - Input Simulator initialized
2025-09-04 15:36:35,860 - core.state_monitor - INFO - State Monitor initialized
2025-09-04 15:36:35,860 - core.computer_vision - INFO - Computer Vision engine initialized
2025-09-04 15:36:35,860 - automation.rune_creation - INFO - Rune Creation Automation initialized
2025-09-04 15:36:35,860 - automation.rune_creation - INFO - Rune positions: 0 configured
2025-09-04 15:36:35,861 - automation.rune_creation - INFO - Delay range: 2.0-5.0 minutes
2025-09-04 15:36:35,861 - automation.rune_creation - INFO - Blank rune image: C:\Users\Lucas\AppData\Local\Temp\_MEI579922\blank.png
2025-09-04 15:36:35,861 - automation.food_eating - INFO - Food Eating Automation initialized
2025-09-04 15:36:35,861 - automation.food_eating - INFO - Food positions: 3 configured
2025-09-04 15:36:35,861 - automation.food_eating - INFO - Click range: 3-6
2025-09-04 15:36:35,861 - automation.food_eating - INFO - Delay range: 4.0-8.0 minutes
2025-09-04 15:36:35,861 - automation.health_monitor - INFO - Health Monitor Automation initialized
2025-09-04 15:36:35,861 - automation.workflow_manager - INFO - All automation modules initialized
2025-09-04 15:36:35,861 - automation.workflow_manager - INFO - Workflow Manager initialized
2025-09-04 15:36:35,871 - gui.main_window - INFO - Updating rune positions display. Current positions: []
2025-09-04 15:36:35,872 - gui.main_window - INFO - Updated display to: No positions configured (0/3)
2025-09-04 15:36:35,877 - gui.main_window - INFO - Updated rune search region display: Region: (1535, 227) - 128x169
2025-09-04 15:36:35,880 - gui.main_window - INFO - Updating food positions display. Current positions: [[1692, 745], [1693, 743], [1697, 742]]
2025-09-04 15:36:35,880 - gui.main_window - INFO - Updated display to: Positions: (1692, 745), (1693, 743), (1697, 742) (3/3)
2025-09-04 15:36:35,903 - gui.region_selector - INFO - Region overlay created at (1670, 665) - Border only
2025-09-04 15:36:35,903 - gui.main_window - INFO - Persistent overlay created at (1670, 665) - 124x43
2025-09-04 15:36:35,903 - gui.region_selector - INFO - Region overlay created at (1535, 227) - Border only
2025-09-04 15:36:35,903 - gui.main_window - INFO - Rune persistent overlay created at (1535, 227) - 128x169
2025-09-04 15:36:35,903 - automation.workflow_manager - INFO - Registered callback for health_monitor
2025-09-04 15:36:35,903 - gui.main_window - INFO - Main window initialized
2025-09-04 15:36:35,903 - cyclops - INFO - Application started successfully
2025-09-04 15:36:46,175 - automation.workflow_manager - INFO - Stopping all workflows...
2025-09-04 15:36:46,175 - automation.workflow_manager - INFO - All workflows stopped
2025-09-04 15:36:46,179 - gui.region_selector - INFO - Region overlay destroyed
2025-09-04 15:36:46,184 - gui.region_selector - INFO - Region overlay destroyed
2025-09-04 15:36:46,185 - utils.config_manager - INFO - Configuration saved to C:\Users\Lucas\AppData\Local\Temp\_MEI579922\config\default_config.json
2025-09-04 15:36:46,970 - gui.main_window - INFO - Configuration saved
2025-09-04 15:36:46,970 - gui.main_window - INFO - Application closing
2025-09-04 15:36:47,019 - cyclops - INFO - Application closed
2025-09-04 15:56:41,567 - cyclops - INFO - Starting Cyclops Desktop Automation Application
2025-09-04 15:56:41,784 - utils.config_manager - INFO - Configuration loaded from C:\Users\Lucas\AppData\Local\Temp\_MEI582362\config\default_config.json
2025-09-04 15:56:41,784 - utils.config_manager - INFO - Configuration manager initialized with: C:\Users\Lucas\AppData\Local\Temp\_MEI582362\config\default_config.json
2025-09-04 15:56:41,784 - core.screen_capture - INFO - Screen resolution: 1920x1080
2025-09-04 15:56:41,784 - core.ocr_engine - INFO - Tesseract path set to: C:\Program Files\Tesseract-OCR\tesseract.exe
2025-09-04 15:56:41,784 - core.ocr_engine - INFO - OCR Engine initialized with language: eng
2025-09-04 15:56:41,784 - core.computer_vision - INFO - Computer Vision engine initialized
2025-09-04 15:56:41,785 - core.input_simulator - INFO - Input Simulator initialized
2025-09-04 15:56:41,785 - core.state_monitor - INFO - State Monitor initialized
2025-09-04 15:56:41,785 - core.computer_vision - INFO - Computer Vision engine initialized
2025-09-04 15:56:41,785 - automation.rune_creation - INFO - Rune Creation Automation initialized
2025-09-04 15:56:41,785 - automation.rune_creation - INFO - Rune positions: 0 configured
2025-09-04 15:56:41,785 - automation.rune_creation - INFO - Delay range: 2.0-5.0 minutes
2025-09-04 15:56:41,785 - automation.rune_creation - INFO - Blank rune image: C:\Users\Lucas\AppData\Local\Temp\_MEI582362\blank.png
2025-09-04 15:56:41,785 - automation.food_eating - INFO - Food Eating Automation initialized
2025-09-04 15:56:41,785 - automation.food_eating - INFO - Food positions: 3 configured
2025-09-04 15:56:41,785 - automation.food_eating - INFO - Click range: 3-6
2025-09-04 15:56:41,785 - automation.food_eating - INFO - Delay range: 4.0-8.0 minutes
2025-09-04 15:56:41,785 - automation.health_monitor - INFO - Health Monitor Automation initialized
2025-09-04 15:56:41,785 - automation.workflow_manager - INFO - All automation modules initialized
2025-09-04 15:56:41,785 - automation.workflow_manager - INFO - Workflow Manager initialized
2025-09-04 15:56:41,795 - gui.main_window - INFO - Updating rune positions display. Current positions: []
2025-09-04 15:56:41,795 - gui.main_window - INFO - Updated display to: No positions configured (0/3)
2025-09-04 15:56:41,801 - gui.main_window - INFO - Updated rune search region display: Region: (1535, 227) - 128x169
2025-09-04 15:56:41,804 - gui.main_window - INFO - Updating food positions display. Current positions: [[1692, 745], [1693, 743], [1697, 742]]
2025-09-04 15:56:41,804 - gui.main_window - INFO - Updated display to: Positions: (1692, 745), (1693, 743), (1697, 742) (3/3)
2025-09-04 15:56:41,823 - gui.region_selector - INFO - Region overlay created at (1670, 665) - Border only
2025-09-04 15:56:41,823 - gui.main_window - INFO - Persistent overlay created at (1670, 665) - 124x43
2025-09-04 15:56:41,823 - gui.region_selector - INFO - Region overlay created at (1535, 227) - Border only
2025-09-04 15:56:41,823 - gui.main_window - INFO - Rune persistent overlay created at (1535, 227) - 128x169
2025-09-04 15:56:41,823 - automation.workflow_manager - INFO - Registered callback for health_monitor
2025-09-04 15:56:41,823 - gui.main_window - INFO - Main window initialized
2025-09-04 15:56:41,823 - cyclops - INFO - Application started successfully
2025-09-04 15:56:54,261 - gui.region_selector - INFO - Region selector initialized
2025-09-04 15:56:59,486 - gui.region_selector - INFO - Region selected: X:512, Y:619, W:60, H:23
2025-09-04 15:57:01,005 - gui.main_window - INFO - Rune search region selected: (512, 619) - 60x23
2025-09-04 15:57:01,005 - gui.main_window - INFO - Updated rune search region display: Region: (512, 619) - 60x23
2025-09-04 15:57:01,016 - gui.region_selector - INFO - Region overlay destroyed
2025-09-04 15:57:01,017 - gui.region_selector - INFO - Region overlay created at (512, 619) - Border only
2025-09-04 15:57:01,017 - gui.main_window - INFO - Rune persistent overlay created at (512, 619) - 60x23
2025-09-04 15:57:08,008 - gui.region_selector - INFO - Region selector initialized
2025-09-04 15:57:21,339 - gui.main_window - INFO - Rune search region selection cancelled
2025-09-04 16:01:52,263 - gui.main_window - INFO - Health bar image selected: C:/Users/Lucas/Desktop/workspace/personal/cyclops/health_reference.png
2025-09-04 16:02:01,279 - gui.main_window - INFO - Blank rune image selected: C:/Users/Lucas/Desktop/workspace/personal/cyclops/blank.png
2025-09-04 16:02:04,847 - gui.region_selector - INFO - Region selector initialized
2025-09-04 16:02:07,647 - gui.region_selector - INFO - Region selected: X:1417, Y:220, W:152, H:346
2025-09-04 16:02:08,730 - gui.main_window - INFO - Rune search region selected: (1417, 220) - 152x346
2025-09-04 16:02:08,730 - gui.main_window - INFO - Updated rune search region display: Region: (1417, 220) - 152x346
2025-09-04 16:02:08,739 - gui.region_selector - INFO - Region overlay destroyed
2025-09-04 16:02:08,740 - gui.region_selector - INFO - Region overlay created at (1417, 220) - Border only
2025-09-04 16:02:08,740 - gui.main_window - INFO - Rune persistent overlay created at (1417, 220) - 152x346
2025-09-04 16:02:10,882 - gui.main_window - INFO - Testing blank rune detection...
2025-09-04 16:02:10,912 - automation.rune_creation - INFO - Blank rune found at relative position Point(x=np.int64(34), y=np.int64(27)), absolute: (1451, 247)
2025-09-04 16:02:10,912 - automation.rune_creation - INFO - Search region: (1417, 220) - 152x346
2025-09-04 16:02:10,912 - gui.main_window - INFO - SUCCESS: BLANK IMAGE FOUND at (1451, 247)
2025-09-04 16:02:24,065 - gui.main_window - WARNING - No rune positions configured for test
2025-09-04 16:02:31,049 - gui.main_window - WARNING - No rune positions configured for test
2025-09-04 16:02:37,407 - gui.main_window - WARNING - No rune positions configured for test
2025-09-04 16:02:45,805 - gui.main_window - INFO - Starting rune position recording...
2025-09-04 16:02:45,807 - gui.region_selector - INFO - Started recording 3 rune target positions
2025-09-04 16:02:47,487 - gui.region_selector - INFO - Recorded rune target position 1 at (1592, 443)
2025-09-04 16:02:48,013 - gui.region_selector - INFO - Recorded rune target position 2 at (1594, 436)
2025-09-04 16:02:48,576 - gui.region_selector - INFO - Recorded final rune target position 3 at (1588, 436)
2025-09-04 16:02:50,110 - gui.main_window - INFO - Rune position recording callback received: [(1592, 443), (1594, 436), (1588, 436)]
2025-09-04 16:02:50,110 - automation.rune_creation - INFO - Cleared all rune positions
2025-09-04 16:02:50,110 - gui.main_window - INFO - Adding rune position 1: (1592, 443)
2025-09-04 16:02:50,110 - automation.rune_creation - INFO - Added rune position: (1592, 443)
2025-09-04 16:02:50,111 - gui.main_window - INFO - Successfully added rune position 1: (1592, 443)
2025-09-04 16:02:50,111 - gui.main_window - INFO - Adding rune position 2: (1594, 436)
2025-09-04 16:02:50,111 - automation.rune_creation - INFO - Added rune position: (1594, 436)
2025-09-04 16:02:50,111 - gui.main_window - INFO - Successfully added rune position 2: (1594, 436)
2025-09-04 16:02:50,111 - gui.main_window - INFO - Adding rune position 3: (1588, 436)
2025-09-04 16:02:50,111 - automation.rune_creation - INFO - Added rune position: (1588, 436)
2025-09-04 16:02:50,111 - gui.main_window - INFO - Successfully added rune position 3: (1588, 436)
2025-09-04 16:02:50,111 - gui.main_window - INFO - Updating rune positions display. Current positions: [(1592, 443), (1594, 436), (1588, 436)]
2025-09-04 16:02:50,111 - gui.main_window - INFO - Updated display to: Positions: (1592, 443), (1594, 436), (1588, 436) (3/3)
2025-09-04 16:02:53,894 - gui.main_window - INFO - Testing rune creation logic with 3 positions...
2025-09-04 16:02:53,894 - automation.rune_creation - INFO - Starting rune creation sequence...
2025-09-04 16:02:53,919 - automation.rune_creation - INFO - Blank rune found at relative position Point(x=np.int64(34), y=np.int64(27)), absolute: (1451, 247)
2025-09-04 16:02:53,919 - automation.rune_creation - INFO - Search region: (1417, 220) - 152x346
2025-09-04 16:02:53,919 - automation.rune_creation - INFO - Found blank rune at (1451, 247)
2025-09-04 16:02:53,919 - automation.rune_creation - INFO - Selected target position: (1594, 436)
2025-09-04 16:02:53,919 - automation.rune_creation - INFO - Performing drag and drop from (1451, 247) to (1594, 436)...
2025-09-04 16:02:56,248 - automation.rune_creation - INFO - Pressing hotkey: f6
2025-09-04 16:02:57,450 - automation.rune_creation - INFO - Rune creation sequence completed successfully
2025-09-04 16:02:57,450 - gui.main_window - INFO - Rune creation test completed successfully
2025-09-04 16:03:09,123 - gui.main_window - INFO - Testing rune creation logic with 3 positions...
2025-09-04 16:03:09,123 - automation.rune_creation - INFO - Starting rune creation sequence...
2025-09-04 16:03:09,146 - automation.rune_creation - INFO - Blank rune found at relative position Point(x=np.int64(34), y=np.int64(27)), absolute: (1451, 247)
2025-09-04 16:03:09,146 - automation.rune_creation - INFO - Search region: (1417, 220) - 152x346
2025-09-04 16:03:09,146 - automation.rune_creation - INFO - Found blank rune at (1451, 247)
2025-09-04 16:03:09,146 - automation.rune_creation - INFO - Selected target position: (1588, 436)
2025-09-04 16:03:09,146 - automation.rune_creation - INFO - Performing drag and drop from (1451, 247) to (1588, 436)...
2025-09-04 16:03:11,463 - automation.rune_creation - INFO - Pressing hotkey: f6
2025-09-04 16:03:12,665 - automation.rune_creation - INFO - Rune creation sequence completed successfully
2025-09-04 16:03:12,665 - gui.main_window - INFO - Rune creation test completed successfully
2025-09-04 16:03:25,128 - automation.workflow_manager - INFO - Stopping all workflows...
2025-09-04 16:03:25,129 - automation.workflow_manager - INFO - All workflows stopped
2025-09-04 16:03:25,134 - gui.region_selector - INFO - Region overlay destroyed
2025-09-04 16:03:25,138 - gui.region_selector - INFO - Region overlay destroyed
2025-09-04 16:03:25,139 - utils.config_manager - INFO - Configuration saved to C:\Users\Lucas\AppData\Local\Temp\_MEI582362\config\default_config.json
2025-09-04 16:03:26,817 - gui.main_window - INFO - Configuration saved
2025-09-04 16:03:26,817 - gui.main_window - INFO - Application closing
2025-09-04 16:03:26,865 - cyclops - INFO - Application closed
